Foo*bar][34m[1][0m

[34m[1]: my_(url) title (with parens)[0m
