    [1;3;34mâ”„[0m[1;3;34mFoo[0m

    [3;32mbar[0m
    [3;32mbaz[0m
