    [3;32maaa[0m

[32m════════════════════════════════════════════════════════════════════════════════[0m

    [3;32mbbb[0m
