        â€¢ [3;32mone[0m

        [3;32mtwo[0m
