
     1. [32mBlockquote[0m
            [32mcontinued here.[0m
