[3mfoo [0mbar[3;34m[1][0m

[34m[1]: /url [0m
