[34mmoon[0m[34m[1][0m[34m[2][0m

[34m[1]: moon.jpg [0m
[34m[2]: /uri [0m
