[foo[34m[1][0m](uri2)[34m (uri3)[0m

[34m[1]: uri1 [0m
