link [3mfoo [0m[1;3mbar[0m[3m [0m[3;33m#[0m[34m[1][0m

[34m[1]: /uri [0m
