[[3mfoo[0m bar[34m[1][0m]

[34m[1]: /url title[0m
